If this file is empty, no errors were encountered in the script.
